[    1147ms] [WARNING] Mixed Content: The page at 'https://mp.weixin.qq.com/s?src=11&timestamp=1782730273&ver=6812&signature=x33z2vH6XugSrWaxkPg5BdCoOqX56TMDuwJovXgqcOJB-6z08cupBv1i-D-UzDsmo5vuM*NhcDE5Xjuofeh9anlnaa4tpfX4bX3uxWgzUeiUU8OQuqlTS3UqqXCji-dP&new=1' was loaded over HTTPS, but requested an insecure element 'http://mmbiz.qpic.cn/mmbiz_png/9iaybRzyicYwxOTNXFlO5FEHR8GVcchJXME9n8PoU7ltqHaspVDfGjuibX41G5h9wsx44KicqZ32cwJTRdgTbXUnIg/0?wx_fmt=png'. This request was automatically upgraded to HTTPS, For more information see https://blog.chromium.org/2019/10/no-more-mixed-messages-about-https.html @ https://mp.weixin.qq.com/s?src=11&timestamp=1782730273&ver=6812&signature=x33z2vH6XugSrWaxkPg5BdCoOqX56TMDuwJovXgqcOJB-6z08cupBv1i-D-UzDsmo5vuM*NhcDE5Xjuofeh9anlnaa4tpfX4bX3uxWgzUeiUU8OQuqlTS3UqqXCji-dP&new=1:0
[    1493ms] [WARNING] Mixed Content: The page at 'https://mp.weixin.qq.com/s?src=11&timestamp=1782730273&ver=6812&signature=x33z2vH6XugSrWaxkPg5BdCoOqX56TMDuwJovXgqcOJB-6z08cupBv1i-D-UzDsmo5vuM*NhcDE5Xjuofeh9anlnaa4tpfX4bX3uxWgzUeiUU8OQuqlTS3UqqXCji-dP&new=1' was loaded over HTTPS, but requested an insecure element 'http://mmbiz.qpic.cn/mmbiz_png/9iaybRzyicYwxOTNXFlO5FEHR8GVcchJXME9n8PoU7ltqHaspVDfGjuibX41G5h9wsx44KicqZ32cwJTRdgTbXUnIg/0?wx_fmt=png'. This request was automatically upgraded to HTTPS, For more information see https://blog.chromium.org/2019/10/no-more-mixed-messages-about-https.html @ https://mp.weixin.qq.com/s?src=11&timestamp=1782730273&ver=6812&signature=x33z2vH6XugSrWaxkPg5BdCoOqX56TMDuwJovXgqcOJB-6z08cupBv1i-D-UzDsmo5vuM*NhcDE5Xjuofeh9anlnaa4tpfX4bX3uxWgzUeiUU8OQuqlTS3UqqXCji-dP&new=1:3438
[    1670ms] [LOG] tingIsShow, tingHeardCnt   @ https://mp.weixin.qq.com/s?src=11&timestamp=1782730273&ver=6812&signature=x33z2vH6XugSrWaxkPg5BdCoOqX56TMDuwJovXgqcOJB-6z08cupBv1i-D-UzDsmo5vuM*NhcDE5Xjuofeh9anlnaa4tpfX4bX3uxWgzUeiUU8OQuqlTS3UqqXCji-dP&new=1:41974
[    1678ms] [LOG] canUseStar, startPersonCnt false  @ https://mp.weixin.qq.com/s?src=11&timestamp=1782730273&ver=6812&signature=x33z2vH6XugSrWaxkPg5BdCoOqX56TMDuwJovXgqcOJB-6z08cupBv1i-D-UzDsmo5vuM*NhcDE5Xjuofeh9anlnaa4tpfX4bX3uxWgzUeiUU8OQuqlTS3UqqXCji-dP&new=1:45350
[    1688ms] [LOG] SyntaxError: Unexpected end of JSON input
    at JSON.parse (<anonymous>)
    at __setPageContentBottomData (https://mp.weixin.qq.com/s?src=11&timestamp=1782730273&ver=6812&signature=x33z2vH6XugSrWaxkPg5BdCoOqX56TMDuwJovXgqcOJB-6z08cupBv1i-D-UzDsmo5vuM*NhcDE5Xjuofeh9anlnaa4tpfX4bX3uxWgzUeiUU8OQuqlTS3UqqXCji-dP&new=1:46555:77)
    at https://mp.weixin.qq.com/s?src=11&timestamp=1782730273&ver=6812&signature=x33z2vH6XugSrWaxkPg5BdCoOqX56TMDuwJovXgqcOJB-6z08cupBv1i-D-UzDsmo5vuM*NhcDE5Xjuofeh9anlnaa4tpfX4bX3uxWgzUeiUU8OQuqlTS3UqqXCji-dP&new=1:46615:5
    at https://mp.weixin.qq.com/s?src=11&timestamp=1782730273&ver=6812&signature=x33z2vH6XugSrWaxkPg5BdCoOqX56TMDuwJovXgqcOJB-6z08cupBv1i-D-UzDsmo5vuM*NhcDE5Xjuofeh9anlnaa4tpfX4bX3uxWgzUeiUU8OQuqlTS3UqqXCji-dP&new=1:46621:3 @ https://mp.weixin.qq.com/s?src=11&timestamp=1782730273&ver=6812&signature=x33z2vH6XugSrWaxkPg5BdCoOqX56TMDuwJovXgqcOJB-6z08cupBv1i-D-UzDsmo5vuM*NhcDE5Xjuofeh9anlnaa4tpfX4bX3uxWgzUeiUU8OQuqlTS3UqqXCji-dP&new=1:46601
[    1714ms] [LOG] dedupePromise key=getBiz:false:1 existing=undefined @ https://res.wx.qq.com/mmbizappmsg/zh_CN/htmledition/js/assets/wxwork.mqynr1qu90130f87.js:0
[    1726ms] [LOG] dedupePromise key=getBiz:false:1 existing=[object Promise] @ https://res.wx.qq.com/mmbizappmsg/zh_CN/htmledition/js/assets/wxwork.mqynr1qu90130f87.js:0
[    1727ms] [LOG] dedupePromise key=getAllBiz:false existing=undefined @ https://res.wx.qq.com/mmbizappmsg/zh_CN/htmledition/js/assets/wxwork.mqynr1qu90130f87.js:0
[    1728ms] [LOG] dedupePromise key=getWxInfo existing=undefined @ https://res.wx.qq.com/mmbizappmsg/zh_CN/htmledition/js/assets/wxwork.mqynr1qu90130f87.js:0
[    1728ms] [LOG] dedupePromise key=getBiz:false:1 existing=[object Promise] @ https://res.wx.qq.com/mmbizappmsg/zh_CN/htmledition/js/assets/wxwork.mqynr1qu90130f87.js:0
[    1740ms] [LOG] dedupePromise key=getBiz:false:1 existing=[object Promise] @ https://res.wx.qq.com/mmbizappmsg/zh_CN/htmledition/js/assets/wxwork.mqynr1qu90130f87.js:0
[    1740ms] [LOG] dedupePromise key=getAllBiz:false existing=[object Promise] @ https://res.wx.qq.com/mmbizappmsg/zh_CN/htmledition/js/assets/wxwork.mqynr1qu90130f87.js:0
[    1740ms] [LOG] dedupePromise key=getWxInfo existing=[object Promise] @ https://res.wx.qq.com/mmbizappmsg/zh_CN/htmledition/js/assets/wxwork.mqynr1qu90130f87.js:0
[    1740ms] [LOG] dedupePromise key=getBiz:false:1 existing=[object Promise] @ https://res.wx.qq.com/mmbizappmsg/zh_CN/htmledition/js/assets/wxwork.mqynr1qu90130f87.js:0
[    1746ms] [LOG] dedupePromise key=getBiz:false:1 existing=[object Promise] @ https://res.wx.qq.com/mmbizappmsg/zh_CN/htmledition/js/assets/wxwork.mqynr1qu90130f87.js:0
[    1746ms] [LOG] dedupePromise key=getAllBiz:false existing=[object Promise] @ https://res.wx.qq.com/mmbizappmsg/zh_CN/htmledition/js/assets/wxwork.mqynr1qu90130f87.js:0
[    1746ms] [LOG] dedupePromise key=getWxInfo existing=[object Promise] @ https://res.wx.qq.com/mmbizappmsg/zh_CN/htmledition/js/assets/wxwork.mqynr1qu90130f87.js:0
[    1776ms] [LOG] dedupePromise key=getBiz:false:1 existing=[object Promise] @ https://res.wx.qq.com/mmbizappmsg/zh_CN/htmledition/js/assets/wxwork.mqynr1qu90130f87.js:0
[    1861ms] [LOG] support wcslplayer false @ https://res.wx.qq.com/mmbizappmsg/zh_CN/htmledition/js/assets/cover_next.mqynr1que9ce2abc.js:0
[    1869ms] [LOG] canUseStar, startPersonCnt false <%@JsEncode($user_info.appmsg_bar_data.star_num.DATA$)%> @ https://res.wx.qq.com/mmbizappmsg/zh_CN/htmledition/js/assets/set_star.mqynr1quaef3199f.js:0
[    1908ms] [LOG] in white list undefined 1782730299452 @ https://res.wx.qq.com/mmbizappmsg/zh_CN/htmledition/js/assets/wxwork_hidden.mqynr1qucba65c49.js:2
[    1911ms] [LOG] dedupePromise key=getBiz:false:1 existing=[object Promise] @ https://res.wx.qq.com/mmbizappmsg/zh_CN/htmledition/js/assets/wxwork.mqynr1qu90130f87.js:0
[    1921ms] [LOG] dedupePromise key=getBiz:false:1 existing=[object Promise] @ https://res.wx.qq.com/mmbizappmsg/zh_CN/htmledition/js/assets/wxwork.mqynr1qu90130f87.js:0
[    1926ms] [LOG] dedupePromise key=getBiz:false:1 existing=[object Promise] @ https://res.wx.qq.com/mmbizappmsg/zh_CN/htmledition/js/assets/wxwork.mqynr1qu90130f87.js:0
[    1933ms] [LOG] [Appmsg comment] start get comment data, url:/mp/appmsg_comment?action=getcomment&scene=0&appmsgid=2247487612&idx=2&__biz=MzYyMzU4OTQ2Ng==&comment_id=4435929849232457728&offset=0&buffer=&limit=100&send_time=&sessionid=svr_cd9f498b903&enterid=1782730298&top_content_id=&top_reply_id=&comment_scene=0 @ https://res.wx.qq.com/mmbizappmsg/zh_CN/htmledition/js/assets/appmsg_comment.mqynr1qubce5ae30.js:4
[    1934ms] [LOG] dedupePromise key=getBiz:false:1 existing=[object Promise] @ https://res.wx.qq.com/mmbizappmsg/zh_CN/htmledition/js/assets/wxwork.mqynr1qu90130f87.js:0
[    1970ms] [LOG] dedupePromise key=getAllBiz:false existing=[object Promise] @ https://res.wx.qq.com/mmbizappmsg/zh_CN/htmledition/js/assets/wxwork.mqynr1qu90130f87.js:0
[    1972ms] [LOG] getIdentity========== @ https://res.wx.qq.com/mmbizappmsg/zh_CN/htmledition/js/assets/Identity.mqynr1qu2979f596.js:2
[    1972ms] [LOG] dedupePromise key=getBiz:false:1 existing=[object Promise] @ https://res.wx.qq.com/mmbizappmsg/zh_CN/htmledition/js/assets/wxwork.mqynr1qu90130f87.js:0
[    1975ms] [INFO] [IndexedDBAdapter] IndexedDB initialized successfully  @ https://res.wx.qq.com/mmbizappmsg/zh_CN/htmledition/js/assets/state_sync_manager.mqynr1quf56cd37f.js:2
[    1979ms] [INFO] [图文信息] 三元组: MzYyMzU4OTQ2Ng== 2247487612 2 @ https://res.wx.qq.com/mmbizappmsg/zh_CN/htmledition/js/assets/appmsg.mqynr1quece77c00.js:8
[    1979ms] [INFO] [用户信息] 设备信息: 是否安卓 undefined 是否IOS undefined 是否秒开场景 undefined 系统版本 10.0 用户uin 0 是否小程序内打开 false @ https://res.wx.qq.com/mmbizappmsg/zh_CN/htmledition/js/assets/appmsg.mqynr1quece77c00.js:8
[    1980ms] [LOG] wx config web compt result [wxOpen] {err_msg: handleMPPageAction:fail_webcompt unsupported} @ https://res.wx.qq.com/mmbizappmsg/zh_CN/htmledition/js/assets/wxwork.mqynr1qu90130f87.js:0
[    2016ms] [LOG] dedupePromise key=getBiz:false:1 existing=[object Promise] @ https://res.wx.qq.com/mmbizappmsg/zh_CN/htmledition/js/assets/wxwork.mqynr1qu90130f87.js:0
[    2017ms] [INFO] [(评论、点赞、赞赏) 发送请求]:  Mon Jun 29 2026 18:51:39 GMT+0800 (中国标准时间) @ https://res.wx.qq.com/mmbizappmsg/zh_CN/htmledition/js/assets/appmsgext.mqynr1qu41b0669e.js:0
[    2018ms] [LOG] dedupePromise key=getBiz:false:1 existing=[object Promise] @ https://res.wx.qq.com/mmbizappmsg/zh_CN/htmledition/js/assets/wxwork.mqynr1qu90130f87.js:0
[    2020ms] [LOG] dedupePromise key=getBiz:false:1 existing=[object Promise] @ https://res.wx.qq.com/mmbizappmsg/zh_CN/htmledition/js/assets/wxwork.mqynr1qu90130f87.js:0
[    2025ms] [LOG] ======ad fontScaleCssVars change 1 1 1 @ https://res.wx.qq.com/mmbizappmsg/zh_CN/htmledition/js/assets/a.mqynr1qu4e56be2d.js:0
[    2043ms] [LOG] dedupePromise key=getBiz:false:1 existing=[object Promise] @ https://res.wx.qq.com/mmbizappmsg/zh_CN/htmledition/js/assets/wxwork.mqynr1qu90130f87.js:0
[    2059ms] [INFO] [广告发送请求] 是否拉取广告 0 @ https://res.wx.qq.com/mmbizappmsg/zh_CN/htmledition/js/assets/mp_async.mqynr1qucbe0976d.js:0
[    2059ms] [INFO] [强制广告] 是否强制去掉广告 0 @ https://res.wx.qq.com/mmbizappmsg/zh_CN/htmledition/js/assets/mp_async.mqynr1qucbe0976d.js:0
[    2059ms] [LOG] dedupePromise key=getBiz:false:1 existing=[object Promise] @ https://res.wx.qq.com/mmbizappmsg/zh_CN/htmledition/js/assets/wxwork.mqynr1qu90130f87.js:0
[    2068ms] [LOG] [PagePos] init entry @ https://res.wx.qq.com/mmbizappmsg/zh_CN/htmledition/js/assets/appmsg.mqynr1quece77c00.js:8
[    2069ms] [LOG] [PagePos] init call @ https://res.wx.qq.com/mmbizappmsg/zh_CN/htmledition/js/assets/page_pos.mqynr1qud9729167.js:0
[    2085ms] [LOG] [PagePos] commReport leaveReport addReport @ https://res.wx.qq.com/mmbizappmsg/zh_CN/htmledition/js/assets/page_pos.mqynr1qud9729167.js:0
[    2092ms] [LOG] [Appmsg comment] start get comment data, url:/mp/appmsg_comment?action=getcomment&scene=0&appmsgid=2247487612&idx=2&__biz=MzYyMzU4OTQ2Ng==&comment_id=4435929849232457728&offset=0&buffer=&limit=100&send_time=&sessionid=svr_cd9f498b903&enterid=1782730298&top_content_id=&top_reply_id=&comment_scene=0 @ https://res.wx.qq.com/mmbizappmsg/zh_CN/htmledition/js/assets/appmsg_comment.mqynr1qubce5ae30.js:4
[    2093ms] [LOG] dedupePromise key=getBiz:false:1 existing=[object Promise] @ https://res.wx.qq.com/mmbizappmsg/zh_CN/htmledition/js/assets/wxwork.mqynr1qu90130f87.js:0
[    2095ms] [WARNING] Mixed Content: The page at 'https://mp.weixin.qq.com/s?src=11&timestamp=1782730273&ver=6812&signature=x33z2vH6XugSrWaxkPg5BdCoOqX56TMDuwJovXgqcOJB-6z08cupBv1i-D-UzDsmo5vuM*NhcDE5Xjuofeh9anlnaa4tpfX4bX3uxWgzUeiUU8OQuqlTS3UqqXCji-dP&new=1' was loaded over HTTPS, but requested an insecure element 'http://mmecoa.qpic.cn/sz_mmecoa_png/foFZPI95HJFJMTBY5a8VZvWhURCs59FziaLg5fxTuB1FKTyKHq448ic7dd6uUDpb9F327V6wlqSpIHzMJ3yOSMrg/300?wx_fmt=png&wxfrom=19'. This request was automatically upgraded to HTTPS, For more information see https://blog.chromium.org/2019/10/no-more-mixed-messages-about-https.html @ https://mp.weixin.qq.com/s?src=11&timestamp=1782730273&ver=6812&signature=x33z2vH6XugSrWaxkPg5BdCoOqX56TMDuwJovXgqcOJB-6z08cupBv1i-D-UzDsmo5vuM*NhcDE5Xjuofeh9anlnaa4tpfX4bX3uxWgzUeiUU8OQuqlTS3UqqXCji-dP&new=1:0
[    2098ms] [WARNING] Mixed Content: The page at 'https://mp.weixin.qq.com/s?src=11&timestamp=1782730273&ver=6812&signature=x33z2vH6XugSrWaxkPg5BdCoOqX56TMDuwJovXgqcOJB-6z08cupBv1i-D-UzDsmo5vuM*NhcDE5Xjuofeh9anlnaa4tpfX4bX3uxWgzUeiUU8OQuqlTS3UqqXCji-dP&new=1' was loaded over HTTPS, but requested an insecure element 'http://mmbiz.qpic.cn/mmbiz_png/9iaybRzyicYwxOTNXFlO5FEHR8GVcchJXME9n8PoU7ltqHaspVDfGjuibX41G5h9wsx44KicqZ32cwJTRdgTbXUnIg/300?wx_fmt=png&wxfrom=18'. This request was automatically upgraded to HTTPS, For more information see https://blog.chromium.org/2019/10/no-more-mixed-messages-about-https.html @ https://mp.weixin.qq.com/s?src=11&timestamp=1782730273&ver=6812&signature=x33z2vH6XugSrWaxkPg5BdCoOqX56TMDuwJovXgqcOJB-6z08cupBv1i-D-UzDsmo5vuM*NhcDE5Xjuofeh9anlnaa4tpfX4bX3uxWgzUeiUU8OQuqlTS3UqqXCji-dP&new=1:0
[    2131ms] [INFO] [currentMpInfo]set url {interaction_url: , underline_url: } @ https://res.wx.qq.com/mmbizappmsg/zh_CN/htmledition/js/assets/appmsg.mqynr1quece77c00.js:8
[    2156ms] [LOG] [comm_report] reportjson:  {CgiPath: /mp/getbizbanner, Action: , Query: ?__biz=MzYyMzU4OTQ2Ng==&uin=&key=&pass_ticket=&wxt…%3D&appmsg_token=&x5=0&f=json&user_article_role=0, PostData: , Method: GET} @ https://res.wx.qq.com/mmbizappmsg/zh_CN/htmledition/js/assets/wxwork.mqynr1qu90130f87.js:0
[    2161ms] [LOG] https://mmecoa.qpic.cn/mmbiz_jpg/2REVYDOYKpy8Wib0Ixq3iaJibnOcbkE6hriaYCPdJcol8MmZsRiaOWiaPPCg0ibibS6RVPz9poA9A7Eib9XCwKhjOPVC1ibXpuX76wlWId7MxNCgdk1nI/640?wx_fmt=jpeg&watermark=1&tp=webp&wxfrom=5&wx_lazy=1#imgIndex=0 img true https://mmecoa.qpic.cn/mmbiz_jpg/2REVYDOYKpy8Wib0Ixq3iaJibnOcbkE6hriaYCPdJcol8MmZsRiaOWiaPPCg0ibibS6RVPz9poA9A7Eib9XCwKhjOPVC1ibXpuX76wlWId7MxNCgdk1nI/640?wx_fmt=jpeg&watermark=1#imgIndex=0 @ https://res.wx.qq.com/mmbizappmsg/zh_CN/htmledition/js/assets/appmsg.mqynr1quece77c00.js:2
[    2162ms] [LOG] https://mmbiz.qpic.cn/mmbiz_gif/ZPtdzESiawhdMHyNfDvj0a36SiaN499NjK0BKean9ibV1T8rYe2gLG8OTSjeCB1NesY09JLKujB7DqpO8DGu4HFxw/640?wx_fmt=gif&tp=webp&wxfrom=5&wx_lazy=1#imgIndex=1 img false https://mmbiz.qpic.cn/mmbiz_gif/ZPtdzESiawhdMHyNfDvj0a36SiaN499NjK0BKean9ibV1T8rYe2gLG8OTSjeCB1NesY09JLKujB7DqpO8DGu4HFxw/640?wx_fmt=gif#imgIndex=1 @ https://res.wx.qq.com/mmbizappmsg/zh_CN/htmledition/js/assets/appmsg.mqynr1quece77c00.js:2
[    2165ms] [LOG] [comm_report] reportjson:  {CgiPath: /mp/getappmsgad, Action: , Query: ?f=json&mockid=&rtx=&uin=&key=&pass_ticket=&wxtoke…%3D&appmsg_token=&x5=0&f=json&user_article_role=0, PostData: r=0.38125046939650553&appmsg_type=9&mid=2247487612…eed_ad=0&both_ad=0&pos_type_list=&vid_list=%5B%5D, Method: POST} @ https://res.wx.qq.com/mmbizappmsg/zh_CN/htmledition/js/assets/wxwork.mqynr1qu90130f87.js:0
[    2165ms] [INFO] [广告响应请求] {base_resp: Object, ret: -3, errmsg: no session, cookie_count: 0} @ https://res.wx.qq.com/mmbizappmsg/zh_CN/htmledition/js/assets/mp_async.mqynr1qucbe0976d.js:0
[    2168ms] [LOG] [comm_report] reportjson:  {CgiPath: /mp/appmsg_comment, Action: getsegment, Query: ?action=getsegment&appmsgid=2247487612&idx=2&comme…%3D&appmsg_token=&x5=0&f=json&user_article_role=0, PostData: modify_detail=%5B%5D&modify_detail_new=undefined&modify_time=0&linefeed_card=, Method: POST} @ https://res.wx.qq.com/mmbizappmsg/zh_CN/htmledition/js/assets/wxwork.mqynr1qu90130f87.js:0
[    2169ms] [LOG] segmentlist:  {base_resp: Object, ret: -3, errmsg: no session, cookie_count: 0} @ https://res.wx.qq.com/mmbizappmsg/zh_CN/htmledition/js/assets/wxwork_hidden.mqynr1qucba65c49.js:2
[    2170ms] [LOG] [comm_report] reportjson:  {CgiPath: /mp/getappmsgext, Action: , Query: ?f=json&mock=&uin=&key=&pass_ticket=&wxtoken=777&d…%3D&appmsg_token=&x5=0&f=json&user_article_role=0, PostData: r=0.621162155281745&__biz=MzYyMzU4OTQ2Ng%3D%3D&app…nt_comment_id=4435929864097071112&business_type=0, Method: POST} @ https://res.wx.qq.com/mmbizappmsg/zh_CN/htmledition/js/assets/wxwork.mqynr1qu90130f87.js:0
[    2171ms] [LOG] [reportData]:  {count: 4, reportjson0: {"CgiPath":"/mp/getbizbanner","Action":"","Query":…in.qq.com","log_id":36408,"TimeStamp":1782730300}, reportjson1: {"CgiPath":"/mp/getappmsgad","Action":"","Query":"…in.qq.com","log_id":36408,"TimeStamp":1782730300}, reportjson2: {"CgiPath":"/mp/appmsg_comment","Action":"getsegme…in.qq.com","log_id":36408,"TimeStamp":1782730300}, reportjson3: {"CgiPath":"/mp/getappmsgext","Action":"","Query":…in.qq.com","log_id":36408,"TimeStamp":1782730300}} @ https://res.wx.qq.com/mmbizappmsg/zh_CN/htmledition/js/assets/wxwork.mqynr1qu90130f87.js:0
[    2171ms] [LOG] dedupePromise key=getBiz:false:1 existing=undefined @ https://res.wx.qq.com/mmbizappmsg/zh_CN/htmledition/js/assets/wxwork.mqynr1qu90130f87.js:0
[    2171ms] [INFO] [(评论、点赞、赞赏) 响应请求]:  Mon Jun 29 2026 18:51:39 GMT+0800 (中国标准时间) {advertisement_info: Array(0), appmsg_album_videos: Array(0), base_resp: Object, effective_content_last_html_node: Array(0), link_component_list: Array(0)} @ https://res.wx.qq.com/mmbizappmsg/zh_CN/htmledition/js/assets/appmsgext.mqynr1qu41b0669e.js:0
[    2174ms] [WARNING] window.ext_complete_success: true @ https://res.wx.qq.com/mmbizappmsg/zh_CN/htmledition/js/assets/appmsg.mqynr1quece77c00.js:2
[    2192ms] [LOG] [comm_report] reportjson:  {CgiPath: /mp/frontendcommstore, Action: , Query: ?operate_type=GetServiceData&service_name=phPopove…%3D&appmsg_token=&x5=0&f=json&user_article_role=0, PostData: , Method: GET} @ https://res.wx.qq.com/mmbizappmsg/zh_CN/htmledition/js/assets/wxwork.mqynr1qu90130f87.js:0
[    2192ms] [ERROR] Unknown error happened. @ https://res.wx.qq.com/mmbizappmsg/zh_CN/htmledition/js/assets/handle_change_inter_identity.mqynr1que3866638.js:7
[    2193ms] [LOG] [comm_report] reportjson:  {CgiPath: /mp/relatedsearchword, Action: getimagekeyword, Query: ?action=getimagekeyword&__biz=MzYyMzU4OTQ2Ng==&mid…%3D&appmsg_token=&x5=0&f=json&user_article_role=0, PostData: , Method: GET} @ https://res.wx.qq.com/mmbizappmsg/zh_CN/htmledition/js/assets/wxwork.mqynr1qu90130f87.js:0
[    2194ms] [LOG] [comm_report] reportjson:  {CgiPath: /mp/appmsg_comment, Action: getidentitylist, Query: ?action=getidentitylist&scene=0&register=0&uin=&ke…%3D&appmsg_token=&x5=0&f=json&user_article_role=0, PostData: , Method: GET} @ https://res.wx.qq.com/mmbizappmsg/zh_CN/htmledition/js/assets/wxwork.mqynr1qu90130f87.js:0
[    2195ms] [LOG] [comm_report] reportjson:  {CgiPath: /mp/appmsg_comment, Action: getextracomment, Query: ?action=getextracomment&appmsgid=2247487612&idx=2&…%3D&appmsg_token=&x5=0&f=json&user_article_role=0, PostData: , Method: GET} @ https://res.wx.qq.com/mmbizappmsg/zh_CN/htmledition/js/assets/wxwork.mqynr1qu90130f87.js:0
[    2195ms] [LOG] [reportData]:  {count: 4, reportjson0: {"CgiPath":"/mp/frontendcommstore","Action":"","Qu…in.qq.com","log_id":36408,"TimeStamp":1782730300}, reportjson1: {"CgiPath":"/mp/relatedsearchword","Action":"getim…in.qq.com","log_id":36408,"TimeStamp":1782730300}, reportjson2: {"CgiPath":"/mp/appmsg_comment","Action":"getident…in.qq.com","log_id":36408,"TimeStamp":1782730300}, reportjson3: {"CgiPath":"/mp/appmsg_comment","Action":"getextra…in.qq.com","log_id":36408,"TimeStamp":1782730300}} @ https://res.wx.qq.com/mmbizappmsg/zh_CN/htmledition/js/assets/wxwork.mqynr1qu90130f87.js:0
[    2196ms] [LOG] dedupePromise key=getBiz:false:1 existing=undefined @ https://res.wx.qq.com/mmbizappmsg/zh_CN/htmledition/js/assets/wxwork.mqynr1qu90130f87.js:0
[    2198ms] [LOG] js content size change @ https://res.wx.qq.com/mmbizappmsg/zh_CN/htmledition/js/assets/page_pos.mqynr1qud9729167.js:0
[    2203ms] [LOG] [comm_report] reportjson:  {CgiPath: /mp/appmsg_comment, Action: getcomment, Query: ?action=getcomment&scene=0&appmsgid=2247487612&idx…%3D&appmsg_token=&x5=0&f=json&user_article_role=0, PostData: , Method: GET} @ https://res.wx.qq.com/mmbizappmsg/zh_CN/htmledition/js/assets/wxwork.mqynr1qu90130f87.js:0
[    2214ms] [LOG] [comm_report] reportjson:  {bizuin: MzYyMzU4OTQ2Ng==, msgid: 2247487612, idx: 2, sessionid: svr_cd9f498b903, itemshowtype: 0} @ https://res.wx.qq.com/mmbizappmsg/zh_CN/htmledition/js/assets/wxwork.mqynr1qu90130f87.js:0
[    2214ms] [LOG] [comm_report] reportjson:  {bizuin: MzYyMzU4OTQ2Ng==, msgid: 2247487612, idx: 2, sessionid: svr_cd9f498b903, itemshowtype: 0} @ https://res.wx.qq.com/mmbizappmsg/zh_CN/htmledition/js/assets/wxwork.mqynr1qu90130f87.js:0
[    2215ms] [LOG] [comm_report] reportjson:  {bizuin: MzYyMzU4OTQ2Ng==, msgid: 2247487612, idx: 2, sessionid: svr_cd9f498b903, itemshowtype: 0} @ https://res.wx.qq.com/mmbizappmsg/zh_CN/htmledition/js/assets/wxwork.mqynr1qu90130f87.js:0
[    2215ms] [LOG] [reportData]:  {count: 4, reportjson0: {"CgiPath":"/mp/appmsg_comment","Action":"getcomme…in.qq.com","log_id":36408,"TimeStamp":1782730300}, reportjson1: {"bizuin":"MzYyMzU4OTQ2Ng==","msgid":2247487612,"i…xptype":"","log_id":27894,"TimeStamp":1782730300}, reportjson2: {"bizuin":"MzYyMzU4OTQ2Ng==","msgid":2247487612,"i…xptype":"","log_id":27894,"TimeStamp":1782730300}, reportjson3: {"bizuin":"MzYyMzU4OTQ2Ng==","msgid":2247487612,"i…xptype":"","log_id":27894,"TimeStamp":1782730300}} @ https://res.wx.qq.com/mmbizappmsg/zh_CN/htmledition/js/assets/wxwork.mqynr1qu90130f87.js:0
[    2215ms] [LOG] dedupePromise key=getBiz:false:1 existing=undefined @ https://res.wx.qq.com/mmbizappmsg/zh_CN/htmledition/js/assets/wxwork.mqynr1qu90130f87.js:0
[    2216ms] [LOG] [comm_report] reportjson:  {bizuin: MzYyMzU4OTQ2Ng==, msgid: 2247487612, idx: 2, sessionid: svr_cd9f498b903, itemshowtype: 0} @ https://res.wx.qq.com/mmbizappmsg/zh_CN/htmledition/js/assets/wxwork.mqynr1qu90130f87.js:0
[    2226ms] [LOG] [comm_report] reportjson:  {CgiPath: /mp/appmsg_comment, Action: getcomment, Query: ?action=getcomment&scene=0&appmsgid=2247487612&idx…%3D&appmsg_token=&x5=0&f=json&user_article_role=0, PostData: , Method: GET} @ https://res.wx.qq.com/mmbizappmsg/zh_CN/htmledition/js/assets/wxwork.mqynr1qu90130f87.js:0
[    2239ms] [LOG] OpenSDK Frame loaded, build time: 2025-11-17 11:05 @ https://open.weixin.qq.com/pcopensdk/frame:1
[    2252ms] [LOG] getRelatedArticleList undefined @ https://res.wx.qq.com/mmbizappmsg/zh_CN/htmledition/js/assets/appmsg.mqynr1quece77c00.js:0
[    2252ms] [INFO] [StateSyncManager] State sync manager initialized successfully  @ https://res.wx.qq.com/mmbizappmsg/zh_CN/htmledition/js/assets/state_sync_manager.mqynr1quf56cd37f.js:2
[    2304ms] [LOG] [comm_report] reportjson:  {CgiPath: /mp/getainfo, Action: , Query: ?uin=&key=&pass_ticket=&wxtoken=777&devicetype=&cl…%3D&appmsg_token=&x5=0&f=json&user_article_role=0, PostData: req=%7B%22url%22%3A%5B%22https%3A%2F%2Fmp.weixin.q…636e9653e%26scene%3D21%23wechat_redirect%22%5D%7D, Method: POST} @ https://res.wx.qq.com/mmbizappmsg/zh_CN/htmledition/js/assets/wxwork.mqynr1qu90130f87.js:0
[    2366ms] [WARNING] <meta name="apple-mobile-web-app-capable" content="yes"> is deprecated. Please include <meta name="mobile-web-app-capable" content="yes"> @ https://mp.weixin.qq.com/s?src=11&timestamp=1782730273&ver=6812&signature=x33z2vH6XugSrWaxkPg5BdCoOqX56TMDuwJovXgqcOJB-6z08cupBv1i-D-UzDsmo5vuM*NhcDE5Xjuofeh9anlnaa4tpfX4bX3uxWgzUeiUU8OQuqlTS3UqqXCji-dP&new=1:0
[    2509ms] [LOG] dedupePromise key=getBiz:false:1 existing=undefined @ https://mp.weixin.qq.com/s?src=11&timestamp=1782730273&ver=6812&signature=x33z2vH6XugSrWaxkPg5BdCoOqX56TMDuwJovXgqcOJB-6z08cupBv1i-D-UzDsmo5vuM*NhcDE5Xjuofeh9anlnaa4tpfX4bX3uxWgzUeiUU8OQuqlTS3UqqXCji-dP&new=1:4945
[    2585ms] [LOG] dedupePromise key=getBiz:false:1 existing=undefined @ https://mp.weixin.qq.com/s?src=11&timestamp=1782730273&ver=6812&signature=x33z2vH6XugSrWaxkPg5BdCoOqX56TMDuwJovXgqcOJB-6z08cupBv1i-D-UzDsmo5vuM*NhcDE5Xjuofeh9anlnaa4tpfX4bX3uxWgzUeiUU8OQuqlTS3UqqXCji-dP&new=1:4945
[    2729ms] [LOG] [comm_report] reportjson:  {bizuin: MzYyMzU4OTQ2Ng==, appmsgid: 2247487612, itemidx: 2, scene: 0, subscene: 0} @ https://res.wx.qq.com/mmbizappmsg/zh_CN/htmledition/js/assets/wxwork.mqynr1qu90130f87.js:0
[    2730ms] [LOG] [reportData]:  {count: 4, reportjson0: {"bizuin":"MzYyMzU4OTQ2Ng==","msgid":2247487612,"i…xptype":"","log_id":27894,"TimeStamp":1782730300}, reportjson1: {"CgiPath":"/mp/appmsg_comment","Action":"getcomme…in.qq.com","log_id":36408,"TimeStamp":1782730300}, reportjson2: {"CgiPath":"/mp/getainfo","Action":"","Query":"?ui…in.qq.com","log_id":36408,"TimeStamp":1782730300}, reportjson3: {"bizuin":"MzYyMzU4OTQ2Ng==","appmsgid":2247487612…mgIndex=1","log_id":34384,"TimeStamp":1782730300}} @ https://res.wx.qq.com/mmbizappmsg/zh_CN/htmledition/js/assets/wxwork.mqynr1qu90130f87.js:0
[    2730ms] [LOG] dedupePromise key=getBiz:false:1 existing=undefined @ https://res.wx.qq.com/mmbizappmsg/zh_CN/htmledition/js/assets/wxwork.mqynr1qu90130f87.js:0
[    2872ms] [LOG] [comm_report] reportjson:  {bizuin: MzYyMzU4OTQ2Ng==, appmsgid: 2247487612, itemidx: 2, scene: 0, subscene: 0} @ https://res.wx.qq.com/mmbizappmsg/zh_CN/htmledition/js/assets/wxwork.mqynr1qu90130f87.js:0
[    3158ms] [LOG] [reportData]:  {count: 1, reportjson0: {"bizuin":"MzYyMzU4OTQ2Ng==","appmsgid":2247487612…mgIndex=0","log_id":34384,"TimeStamp":1782730300}} @ https://res.wx.qq.com/mmbizappmsg/zh_CN/htmledition/js/assets/wxwork.mqynr1qu90130f87.js:0
[    3158ms] [LOG] dedupePromise key=getBiz:false:1 existing=undefined @ https://res.wx.qq.com/mmbizappmsg/zh_CN/htmledition/js/assets/wxwork.mqynr1qu90130f87.js:0
[    3663ms] [ERROR] bottombar-safe-bottom 0 @ https://mp.weixin.qq.com/s?src=11&timestamp=1782730273&ver=6812&signature=x33z2vH6XugSrWaxkPg5BdCoOqX56TMDuwJovXgqcOJB-6z08cupBv1i-D-UzDsmo5vuM*NhcDE5Xjuofeh9anlnaa4tpfX4bX3uxWgzUeiUU8OQuqlTS3UqqXCji-dP&new=1:8298
[    7374ms] [LOG] dedupePromise key=getBiz:false:1 existing=undefined @ https://res.wx.qq.com/mmbizappmsg/zh_CN/htmledition/js/assets/wxwork.mqynr1qu90130f87.js:0
[    7424ms] [LOG] [comm_report] reportjson:  {CgiPath: /mp/appmsgreport, Action: page_time_5s, Query: ?action=page_time_5s&__biz=MzYyMzU4OTQ2Ng==&uin=&k…%3D&appmsg_token=&x5=0&f=json&user_article_role=0, PostData: report_bizuin=MzYyMzU4OTQ2Ng%3D%3D&title=%E7%90%86…type=&expsessionid=&effective_content_height=6377, Method: POST} @ https://res.wx.qq.com/mmbizappmsg/zh_CN/htmledition/js/assets/wxwork.mqynr1qu90130f87.js:0
[    8426ms] [LOG] [reportData]:  {count: 1, reportjson0: {"CgiPath":"/mp/appmsgreport","Action":"page_time_…in.qq.com","log_id":36408,"TimeStamp":1782730305}} @ https://res.wx.qq.com/mmbizappmsg/zh_CN/htmledition/js/assets/wxwork.mqynr1qu90130f87.js:0
[    8426ms] [LOG] dedupePromise key=getBiz:false:1 existing=undefined @ https://res.wx.qq.com/mmbizappmsg/zh_CN/htmledition/js/assets/wxwork.mqynr1qu90130f87.js:0
