[    1069ms] [WARNING] Mixed Content: The page at 'https://mp.weixin.qq.com/s?src=11&timestamp=1782730273&ver=6812&signature=uam3SqKGwrvf0WPHC8VNuGXRXFYRwd4-35N2*wA-YoiWVM-xGH3HZYsetetLrAwcUpTRsVjNV7G9CkgTUVLNFrPI84v6XnYlhcetHYOZQCp2D-iFZK9HjeXarGzt0YhK&new=1' was loaded over HTTPS, but requested an insecure element 'http://mmbiz.qpic.cn/mmbiz_png/ANcZHh2ibCdYm0vAufqnCHttv4ubyhQZpbYaGE9s0naz6X4Qgicz1XAoxs8IKLiaViblpgwkYe0c74eV7huF4rs1yA/0?wx_fmt=png'. This request was automatically upgraded to HTTPS, For more information see https://blog.chromium.org/2019/10/no-more-mixed-messages-about-https.html @ https://mp.weixin.qq.com/s?src=11&timestamp=1782730273&ver=6812&signature=uam3SqKGwrvf0WPHC8VNuGXRXFYRwd4-35N2*wA-YoiWVM-xGH3HZYsetetLrAwcUpTRsVjNV7G9CkgTUVLNFrPI84v6XnYlhcetHYOZQCp2D-iFZK9HjeXarGzt0YhK&new=1:0
[    1230ms] [WARNING] Mixed Content: The page at 'https://mp.weixin.qq.com/s?src=11&timestamp=1782730273&ver=6812&signature=uam3SqKGwrvf0WPHC8VNuGXRXFYRwd4-35N2*wA-YoiWVM-xGH3HZYsetetLrAwcUpTRsVjNV7G9CkgTUVLNFrPI84v6XnYlhcetHYOZQCp2D-iFZK9HjeXarGzt0YhK&new=1' was loaded over HTTPS, but requested an insecure element 'http://mmbiz.qpic.cn/mmbiz_png/ANcZHh2ibCdYm0vAufqnCHttv4ubyhQZpbYaGE9s0naz6X4Qgicz1XAoxs8IKLiaViblpgwkYe0c74eV7huF4rs1yA/0?wx_fmt=png'. This request was automatically upgraded to HTTPS, For more information see https://blog.chromium.org/2019/10/no-more-mixed-messages-about-https.html @ https://mp.weixin.qq.com/s?src=11&timestamp=1782730273&ver=6812&signature=uam3SqKGwrvf0WPHC8VNuGXRXFYRwd4-35N2*wA-YoiWVM-xGH3HZYsetetLrAwcUpTRsVjNV7G9CkgTUVLNFrPI84v6XnYlhcetHYOZQCp2D-iFZK9HjeXarGzt0YhK&new=1:3468
[    1475ms] [LOG] tingIsShow, tingHeardCnt   @ https://mp.weixin.qq.com/s?src=11&timestamp=1782730273&ver=6812&signature=uam3SqKGwrvf0WPHC8VNuGXRXFYRwd4-35N2*wA-YoiWVM-xGH3HZYsetetLrAwcUpTRsVjNV7G9CkgTUVLNFrPI84v6XnYlhcetHYOZQCp2D-iFZK9HjeXarGzt0YhK&new=1:42039
[    1484ms] [LOG] canUseStar, startPersonCnt false  @ https://mp.weixin.qq.com/s?src=11&timestamp=1782730273&ver=6812&signature=uam3SqKGwrvf0WPHC8VNuGXRXFYRwd4-35N2*wA-YoiWVM-xGH3HZYsetetLrAwcUpTRsVjNV7G9CkgTUVLNFrPI84v6XnYlhcetHYOZQCp2D-iFZK9HjeXarGzt0YhK&new=1:45415
[    1492ms] [LOG] SyntaxError: Unexpected end of JSON input
    at JSON.parse (<anonymous>)
    at __setPageContentBottomData (https://mp.weixin.qq.com/s?src=11&timestamp=1782730273&ver=6812&signature=uam3SqKGwrvf0WPHC8VNuGXRXFYRwd4-35N2*wA-YoiWVM-xGH3HZYsetetLrAwcUpTRsVjNV7G9CkgTUVLNFrPI84v6XnYlhcetHYOZQCp2D-iFZK9HjeXarGzt0YhK&new=1:46620:77)
    at https://mp.weixin.qq.com/s?src=11&timestamp=1782730273&ver=6812&signature=uam3SqKGwrvf0WPHC8VNuGXRXFYRwd4-35N2*wA-YoiWVM-xGH3HZYsetetLrAwcUpTRsVjNV7G9CkgTUVLNFrPI84v6XnYlhcetHYOZQCp2D-iFZK9HjeXarGzt0YhK&new=1:46680:5
    at https://mp.weixin.qq.com/s?src=11&timestamp=1782730273&ver=6812&signature=uam3SqKGwrvf0WPHC8VNuGXRXFYRwd4-35N2*wA-YoiWVM-xGH3HZYsetetLrAwcUpTRsVjNV7G9CkgTUVLNFrPI84v6XnYlhcetHYOZQCp2D-iFZK9HjeXarGzt0YhK&new=1:46686:3 @ https://mp.weixin.qq.com/s?src=11&timestamp=1782730273&ver=6812&signature=uam3SqKGwrvf0WPHC8VNuGXRXFYRwd4-35N2*wA-YoiWVM-xGH3HZYsetetLrAwcUpTRsVjNV7G9CkgTUVLNFrPI84v6XnYlhcetHYOZQCp2D-iFZK9HjeXarGzt0YhK&new=1:46666
[    1508ms] [LOG] dedupePromise key=getBiz:false:1 existing=undefined @ https://res.wx.qq.com/mmbizappmsg/zh_CN/htmledition/js/assets/wxwork.mqynr1qu90130f87.js:0
[    1516ms] [LOG] dedupePromise key=getBiz:false:1 existing=[object Promise] @ https://res.wx.qq.com/mmbizappmsg/zh_CN/htmledition/js/assets/wxwork.mqynr1qu90130f87.js:0
[    1516ms] [LOG] dedupePromise key=getAllBiz:false existing=undefined @ https://res.wx.qq.com/mmbizappmsg/zh_CN/htmledition/js/assets/wxwork.mqynr1qu90130f87.js:0
[    1517ms] [LOG] dedupePromise key=getWxInfo existing=undefined @ https://res.wx.qq.com/mmbizappmsg/zh_CN/htmledition/js/assets/wxwork.mqynr1qu90130f87.js:0
[    1517ms] [LOG] dedupePromise key=getBiz:false:1 existing=[object Promise] @ https://res.wx.qq.com/mmbizappmsg/zh_CN/htmledition/js/assets/wxwork.mqynr1qu90130f87.js:0
[    1526ms] [LOG] dedupePromise key=getBiz:false:1 existing=[object Promise] @ https://res.wx.qq.com/mmbizappmsg/zh_CN/htmledition/js/assets/wxwork.mqynr1qu90130f87.js:0
[    1526ms] [LOG] dedupePromise key=getAllBiz:false existing=[object Promise] @ https://res.wx.qq.com/mmbizappmsg/zh_CN/htmledition/js/assets/wxwork.mqynr1qu90130f87.js:0
[    1526ms] [LOG] dedupePromise key=getWxInfo existing=[object Promise] @ https://res.wx.qq.com/mmbizappmsg/zh_CN/htmledition/js/assets/wxwork.mqynr1qu90130f87.js:0
[    1526ms] [LOG] dedupePromise key=getBiz:false:1 existing=[object Promise] @ https://res.wx.qq.com/mmbizappmsg/zh_CN/htmledition/js/assets/wxwork.mqynr1qu90130f87.js:0
[    1530ms] [LOG] dedupePromise key=getBiz:false:1 existing=[object Promise] @ https://res.wx.qq.com/mmbizappmsg/zh_CN/htmledition/js/assets/wxwork.mqynr1qu90130f87.js:0
[    1530ms] [LOG] dedupePromise key=getAllBiz:false existing=[object Promise] @ https://res.wx.qq.com/mmbizappmsg/zh_CN/htmledition/js/assets/wxwork.mqynr1qu90130f87.js:0
[    1530ms] [LOG] dedupePromise key=getWxInfo existing=[object Promise] @ https://res.wx.qq.com/mmbizappmsg/zh_CN/htmledition/js/assets/wxwork.mqynr1qu90130f87.js:0
[    1554ms] [LOG] dedupePromise key=getBiz:false:1 existing=[object Promise] @ https://res.wx.qq.com/mmbizappmsg/zh_CN/htmledition/js/assets/wxwork.mqynr1qu90130f87.js:0
[    1631ms] [LOG] support wcslplayer false @ https://res.wx.qq.com/mmbizappmsg/zh_CN/htmledition/js/assets/cover_next.mqynr1que9ce2abc.js:0
[    1637ms] [LOG] canUseStar, startPersonCnt false <%@JsEncode($user_info.appmsg_bar_data.star_num.DATA$)%> @ https://res.wx.qq.com/mmbizappmsg/zh_CN/htmledition/js/assets/set_star.mqynr1quaef3199f.js:0
[    1665ms] [LOG] in white list undefined 1782730644630 @ https://res.wx.qq.com/mmbizappmsg/zh_CN/htmledition/js/assets/wxwork_hidden.mqynr1qucba65c49.js:2
[    1668ms] [LOG] dedupePromise key=getBiz:false:1 existing=[object Promise] @ https://res.wx.qq.com/mmbizappmsg/zh_CN/htmledition/js/assets/wxwork.mqynr1qu90130f87.js:0
[    1677ms] [LOG] dedupePromise key=getBiz:false:1 existing=[object Promise] @ https://res.wx.qq.com/mmbizappmsg/zh_CN/htmledition/js/assets/wxwork.mqynr1qu90130f87.js:0
[    1684ms] [LOG] dedupePromise key=getBiz:false:1 existing=[object Promise] @ https://res.wx.qq.com/mmbizappmsg/zh_CN/htmledition/js/assets/wxwork.mqynr1qu90130f87.js:0
[    1690ms] [LOG] [Appmsg comment] start get comment data, url:/mp/appmsg_comment?action=getcomment&scene=0&appmsgid=2247518562&idx=1&__biz=MzI3MDQzMjkzMw==&comment_id=4394338305882980354&offset=0&buffer=&limit=100&send_time=&sessionid=svr_ecaf3205efe&enterid=1782730643&top_content_id=&top_reply_id=&comment_scene=0 @ https://res.wx.qq.com/mmbizappmsg/zh_CN/htmledition/js/assets/appmsg_comment.mqynr1qubce5ae30.js:4
[    1690ms] [LOG] dedupePromise key=getBiz:false:1 existing=[object Promise] @ https://res.wx.qq.com/mmbizappmsg/zh_CN/htmledition/js/assets/wxwork.mqynr1qu90130f87.js:0
[    1721ms] [LOG] dedupePromise key=getAllBiz:false existing=[object Promise] @ https://res.wx.qq.com/mmbizappmsg/zh_CN/htmledition/js/assets/wxwork.mqynr1qu90130f87.js:0
[    1722ms] [LOG] getIdentity========== @ https://res.wx.qq.com/mmbizappmsg/zh_CN/htmledition/js/assets/Identity.mqynr1qu2979f596.js:2
[    1722ms] [LOG] dedupePromise key=getBiz:false:1 existing=[object Promise] @ https://res.wx.qq.com/mmbizappmsg/zh_CN/htmledition/js/assets/wxwork.mqynr1qu90130f87.js:0
[    1725ms] [INFO] [IndexedDBAdapter] IndexedDB initialized successfully  @ https://res.wx.qq.com/mmbizappmsg/zh_CN/htmledition/js/assets/state_sync_manager.mqynr1quf56cd37f.js:2
[    1728ms] [INFO] [图文信息] 三元组: MzI3MDQzMjkzMw== 2247518562 1 @ https://res.wx.qq.com/mmbizappmsg/zh_CN/htmledition/js/assets/appmsg.mqynr1quece77c00.js:8
[    1728ms] [INFO] [用户信息] 设备信息: 是否安卓 undefined 是否IOS undefined 是否秒开场景 undefined 系统版本 10.0 用户uin 0 是否小程序内打开 false @ https://res.wx.qq.com/mmbizappmsg/zh_CN/htmledition/js/assets/appmsg.mqynr1quece77c00.js:8
[    1729ms] [LOG] wx config web compt result [wxOpen] {err_msg: handleMPPageAction:fail_webcompt unsupported} @ https://res.wx.qq.com/mmbizappmsg/zh_CN/htmledition/js/assets/wxwork.mqynr1qu90130f87.js:0
[    1733ms] [LOG] dedupePromise key=getBiz:false:1 existing=[object Promise] @ https://res.wx.qq.com/mmbizappmsg/zh_CN/htmledition/js/assets/wxwork.mqynr1qu90130f87.js:0
[    1779ms] [INFO] [(评论、点赞、赞赏) 发送请求]:  Mon Jun 29 2026 18:57:24 GMT+0800 (中国标准时间) @ https://res.wx.qq.com/mmbizappmsg/zh_CN/htmledition/js/assets/appmsgext.mqynr1qu41b0669e.js:0
[    1780ms] [LOG] dedupePromise key=getBiz:false:1 existing=[object Promise] @ https://res.wx.qq.com/mmbizappmsg/zh_CN/htmledition/js/assets/wxwork.mqynr1qu90130f87.js:0
[    1782ms] [LOG] dedupePromise key=getBiz:false:1 existing=[object Promise] @ https://res.wx.qq.com/mmbizappmsg/zh_CN/htmledition/js/assets/wxwork.mqynr1qu90130f87.js:0
[    1787ms] [LOG] ======ad fontScaleCssVars change 1 1 1 @ https://res.wx.qq.com/mmbizappmsg/zh_CN/htmledition/js/assets/a.mqynr1qu4e56be2d.js:0
[    1807ms] [INFO] [广告发送请求] 是否拉取广告 0 @ https://res.wx.qq.com/mmbizappmsg/zh_CN/htmledition/js/assets/mp_async.mqynr1qucbe0976d.js:0
[    1807ms] [INFO] [强制广告] 是否强制去掉广告 0 @ https://res.wx.qq.com/mmbizappmsg/zh_CN/htmledition/js/assets/mp_async.mqynr1qucbe0976d.js:0
[    1807ms] [LOG] dedupePromise key=getBiz:false:1 existing=[object Promise] @ https://res.wx.qq.com/mmbizappmsg/zh_CN/htmledition/js/assets/wxwork.mqynr1qu90130f87.js:0
[    1828ms] [LOG] [PagePos] init entry @ https://res.wx.qq.com/mmbizappmsg/zh_CN/htmledition/js/assets/appmsg.mqynr1quece77c00.js:8
[    1829ms] [LOG] [PagePos] init call @ https://res.wx.qq.com/mmbizappmsg/zh_CN/htmledition/js/assets/page_pos.mqynr1qud9729167.js:0
[    1842ms] [LOG] [PagePos] commReport leaveReport addReport @ https://res.wx.qq.com/mmbizappmsg/zh_CN/htmledition/js/assets/page_pos.mqynr1qud9729167.js:0
[    1850ms] [LOG] [Appmsg comment] start get comment data, url:/mp/appmsg_comment?action=getcomment&scene=0&appmsgid=2247518562&idx=1&__biz=MzI3MDQzMjkzMw==&comment_id=4394338305882980354&offset=0&buffer=&limit=100&send_time=&sessionid=svr_ecaf3205efe&enterid=1782730643&top_content_id=&top_reply_id=&comment_scene=0 @ https://res.wx.qq.com/mmbizappmsg/zh_CN/htmledition/js/assets/appmsg_comment.mqynr1qubce5ae30.js:4
[    1850ms] [LOG] dedupePromise key=getBiz:false:1 existing=[object Promise] @ https://res.wx.qq.com/mmbizappmsg/zh_CN/htmledition/js/assets/wxwork.mqynr1qu90130f87.js:0
[    1856ms] [WARNING] Mixed Content: The page at 'https://mp.weixin.qq.com/s?src=11&timestamp=1782730273&ver=6812&signature=uam3SqKGwrvf0WPHC8VNuGXRXFYRwd4-35N2*wA-YoiWVM-xGH3HZYsetetLrAwcUpTRsVjNV7G9CkgTUVLNFrPI84v6XnYlhcetHYOZQCp2D-iFZK9HjeXarGzt0YhK&new=1' was loaded over HTTPS, but requested an insecure element 'http://mmbiz.qpic.cn/mmbiz_png/ANcZHh2ibCdYm0vAufqnCHttv4ubyhQZpbYaGE9s0naz6X4Qgicz1XAoxs8IKLiaViblpgwkYe0c74eV7huF4rs1yA/300?wx_fmt=png&wxfrom=18'. This request was automatically upgraded to HTTPS, For more information see https://blog.chromium.org/2019/10/no-more-mixed-messages-about-https.html @ https://mp.weixin.qq.com/s?src=11&timestamp=1782730273&ver=6812&signature=uam3SqKGwrvf0WPHC8VNuGXRXFYRwd4-35N2*wA-YoiWVM-xGH3HZYsetetLrAwcUpTRsVjNV7G9CkgTUVLNFrPI84v6XnYlhcetHYOZQCp2D-iFZK9HjeXarGzt0YhK&new=1:0
[    1886ms] [INFO] [currentMpInfo]set url {interaction_url: , underline_url: } @ https://res.wx.qq.com/mmbizappmsg/zh_CN/htmledition/js/assets/appmsg.mqynr1quece77c00.js:8
[    1964ms] [LOG] https://mmbiz.qpic.cn/sz_mmbiz_png/MVPvEL7Qg0HjqItoicU3ntDelWa05wqmN9tnxic2txibl0xk21tpSoY3B1j61gh43vsasWB4CqYGLQsQC3Xb9zBSA/640?wx_fmt=png&tp=webp&wxfrom=5&wx_lazy=1#imgIndex=0 img false https://mmbiz.qpic.cn/sz_mmbiz_png/MVPvEL7Qg0HjqItoicU3ntDelWa05wqmN9tnxic2txibl0xk21tpSoY3B1j61gh43vsasWB4CqYGLQsQC3Xb9zBSA/640?wx_fmt=png#imgIndex=0 @ https://res.wx.qq.com/mmbizappmsg/zh_CN/htmledition/js/assets/appmsg.mqynr1quece77c00.js:2
[    1964ms] [LOG] https://mmbiz.qpic.cn/mmbiz_png/iaHnrF35NVYgXXGj92d2Tc2WbscBTFLRSyKR6UOtmY0icLfNicaVEoGfCGvcuNM1qnvmaicIfMzruGpwckRKbA93JYWm67O98AYXFnTD0PKyxV4/640?wx_fmt=png&tp=webp&wxfrom=5&wx_lazy=1#imgIndex=1 img false https://mmbiz.qpic.cn/mmbiz_png/iaHnrF35NVYgXXGj92d2Tc2WbscBTFLRSyKR6UOtmY0icLfNicaVEoGfCGvcuNM1qnvmaicIfMzruGpwckRKbA93JYWm67O98AYXFnTD0PKyxV4/640?wx_fmt=png#imgIndex=1 @ https://res.wx.qq.com/mmbizappmsg/zh_CN/htmledition/js/assets/appmsg.mqynr1quece77c00.js:2
[    1972ms] [LOG] [comm_report] reportjson:  {CgiPath: /mp/getbizbanner, Action: , Query: ?__biz=MzI3MDQzMjkzMw==&uin=&key=&pass_ticket=&wxt…%3D&appmsg_token=&x5=0&f=json&user_article_role=0, PostData: , Method: GET} @ https://res.wx.qq.com/mmbizappmsg/zh_CN/htmledition/js/assets/wxwork.mqynr1qu90130f87.js:0
[    1974ms] [INFO] [StateSyncManager] State sync manager initialized successfully  @ https://res.wx.qq.com/mmbizappmsg/zh_CN/htmledition/js/assets/state_sync_manager.mqynr1quf56cd37f.js:2
[    1976ms] [LOG] [comm_report] reportjson:  {CgiPath: /mp/frontendcommstore, Action: , Query: ?operate_type=GetServiceData&service_name=phPopove…%3D&appmsg_token=&x5=0&f=json&user_article_role=0, PostData: , Method: GET} @ https://res.wx.qq.com/mmbizappmsg/zh_CN/htmledition/js/assets/wxwork.mqynr1qu90130f87.js:0
[    1976ms] [ERROR] Unknown error happened. @ https://res.wx.qq.com/mmbizappmsg/zh_CN/htmledition/js/assets/handle_change_inter_identity.mqynr1que3866638.js:7
[    1977ms] [LOG] [comm_report] reportjson:  {CgiPath: /mp/relatedsearchword, Action: getimagekeyword, Query: ?action=getimagekeyword&__biz=MzI3MDQzMjkzMw==&mid…%3D&appmsg_token=&x5=0&f=json&user_article_role=0, PostData: , Method: GET} @ https://res.wx.qq.com/mmbizappmsg/zh_CN/htmledition/js/assets/wxwork.mqynr1qu90130f87.js:0
[    1979ms] [LOG] [comm_report] reportjson:  {CgiPath: /mp/getappmsgad, Action: , Query: ?f=json&mockid=&rtx=&uin=&key=&pass_ticket=&wxtoke…%3D&appmsg_token=&x5=0&f=json&user_article_role=0, PostData: r=0.9501558340743659&appmsg_type=9&mid=2247518562&…eed_ad=0&both_ad=0&pos_type_list=&vid_list=%5B%5D, Method: POST} @ https://res.wx.qq.com/mmbizappmsg/zh_CN/htmledition/js/assets/wxwork.mqynr1qu90130f87.js:0
[    1980ms] [LOG] [reportData]:  {count: 4, reportjson0: {"CgiPath":"/mp/getbizbanner","Action":"","Query":…in.qq.com","log_id":36408,"TimeStamp":1782730645}, reportjson1: {"CgiPath":"/mp/frontendcommstore","Action":"","Qu…in.qq.com","log_id":36408,"TimeStamp":1782730645}, reportjson2: {"CgiPath":"/mp/relatedsearchword","Action":"getim…in.qq.com","log_id":36408,"TimeStamp":1782730645}, reportjson3: {"CgiPath":"/mp/getappmsgad","Action":"","Query":"…in.qq.com","log_id":36408,"TimeStamp":1782730645}} @ https://res.wx.qq.com/mmbizappmsg/zh_CN/htmledition/js/assets/wxwork.mqynr1qu90130f87.js:0
[    1980ms] [LOG] dedupePromise key=getBiz:false:1 existing=undefined @ https://res.wx.qq.com/mmbizappmsg/zh_CN/htmledition/js/assets/wxwork.mqynr1qu90130f87.js:0
[    1981ms] [INFO] [广告响应请求] {base_resp: Object, ret: -3, errmsg: no session, cookie_count: 0} @ https://res.wx.qq.com/mmbizappmsg/zh_CN/htmledition/js/assets/mp_async.mqynr1qucbe0976d.js:0
[    1985ms] [LOG] [comm_report] reportjson:  {bizuin: MzI3MDQzMjkzMw==, msgid: 2247518562, idx: 1, sessionid: svr_ecaf3205efe, itemshowtype: 0} @ https://res.wx.qq.com/mmbizappmsg/zh_CN/htmledition/js/assets/wxwork.mqynr1qu90130f87.js:0
[    1985ms] [LOG] [comm_report] reportjson:  {bizuin: MzI3MDQzMjkzMw==, msgid: 2247518562, idx: 1, sessionid: svr_ecaf3205efe, itemshowtype: 0} @ https://res.wx.qq.com/mmbizappmsg/zh_CN/htmledition/js/assets/wxwork.mqynr1qu90130f87.js:0
[    1986ms] [LOG] [comm_report] reportjson:  {bizuin: MzI3MDQzMjkzMw==, msgid: 2247518562, idx: 1, sessionid: svr_ecaf3205efe, itemshowtype: 0} @ https://res.wx.qq.com/mmbizappmsg/zh_CN/htmledition/js/assets/wxwork.mqynr1qu90130f87.js:0
[    1986ms] [LOG] [comm_report] reportjson:  {bizuin: MzI3MDQzMjkzMw==, msgid: 2247518562, idx: 1, sessionid: svr_ecaf3205efe, itemshowtype: 0} @ https://res.wx.qq.com/mmbizappmsg/zh_CN/htmledition/js/assets/wxwork.mqynr1qu90130f87.js:0
[    1986ms] [LOG] [reportData]:  {count: 4, reportjson0: {"bizuin":"MzI3MDQzMjkzMw==","msgid":2247518562,"i…xptype":"","log_id":27894,"TimeStamp":1782730645}, reportjson1: {"bizuin":"MzI3MDQzMjkzMw==","msgid":2247518562,"i…xptype":"","log_id":27894,"TimeStamp":1782730645}, reportjson2: {"bizuin":"MzI3MDQzMjkzMw==","msgid":2247518562,"i…xptype":"","log_id":27894,"TimeStamp":1782730645}, reportjson3: {"bizuin":"MzI3MDQzMjkzMw==","msgid":2247518562,"i…xptype":"","log_id":27894,"TimeStamp":1782730645}} @ https://res.wx.qq.com/mmbizappmsg/zh_CN/htmledition/js/assets/wxwork.mqynr1qu90130f87.js:0
[    1986ms] [LOG] dedupePromise key=getBiz:false:1 existing=undefined @ https://res.wx.qq.com/mmbizappmsg/zh_CN/htmledition/js/assets/wxwork.mqynr1qu90130f87.js:0
[    1989ms] [LOG] getRelatedArticleList undefined @ https://res.wx.qq.com/mmbizappmsg/zh_CN/htmledition/js/assets/appmsg.mqynr1quece77c00.js:0
[    1990ms] [LOG] [comm_report] reportjson:  {CgiPath: /mp/appmsg_comment, Action: getidentitylist, Query: ?action=getidentitylist&scene=0&register=0&uin=&ke…%3D&appmsg_token=&x5=0&f=json&user_article_role=0, PostData: , Method: GET} @ https://res.wx.qq.com/mmbizappmsg/zh_CN/htmledition/js/assets/wxwork.mqynr1qu90130f87.js:0
[    1991ms] [LOG] [comm_report] reportjson:  {CgiPath: /mp/appmsg_comment, Action: getsegment, Query: ?action=getsegment&appmsgid=2247518562&idx=1&comme…%3D&appmsg_token=&x5=0&f=json&user_article_role=0, PostData: modify_detail=%5B%5D&modify_detail_new=undefined&modify_time=0&linefeed_card=, Method: POST} @ https://res.wx.qq.com/mmbizappmsg/zh_CN/htmledition/js/assets/wxwork.mqynr1qu90130f87.js:0
[    1992ms] [LOG] segmentlist:  {base_resp: Object, ret: -3, errmsg: no session, cookie_count: 0} @ https://res.wx.qq.com/mmbizappmsg/zh_CN/htmledition/js/assets/wxwork_hidden.mqynr1qucba65c49.js:2
[    1992ms] [LOG] [comm_report] reportjson:  {CgiPath: /mp/appmsg_comment, Action: getextracomment, Query: ?action=getextracomment&appmsgid=2247518562&idx=1&…%3D&appmsg_token=&x5=0&f=json&user_article_role=0, PostData: , Method: GET} @ https://res.wx.qq.com/mmbizappmsg/zh_CN/htmledition/js/assets/wxwork.mqynr1qu90130f87.js:0
[    1993ms] [LOG] [comm_report] reportjson:  {CgiPath: /mp/appmsg_comment, Action: getcomment, Query: ?action=getcomment&scene=0&appmsgid=2247518562&idx…%3D&appmsg_token=&x5=0&f=json&user_article_role=0, PostData: , Method: GET} @ https://res.wx.qq.com/mmbizappmsg/zh_CN/htmledition/js/assets/wxwork.mqynr1qu90130f87.js:0
[    1993ms] [LOG] [reportData]:  {count: 4, reportjson0: {"CgiPath":"/mp/appmsg_comment","Action":"getident…in.qq.com","log_id":36408,"TimeStamp":1782730645}, reportjson1: {"CgiPath":"/mp/appmsg_comment","Action":"getsegme…in.qq.com","log_id":36408,"TimeStamp":1782730645}, reportjson2: {"CgiPath":"/mp/appmsg_comment","Action":"getextra…in.qq.com","log_id":36408,"TimeStamp":1782730645}, reportjson3: {"CgiPath":"/mp/appmsg_comment","Action":"getcomme…in.qq.com","log_id":36408,"TimeStamp":1782730645}} @ https://res.wx.qq.com/mmbizappmsg/zh_CN/htmledition/js/assets/wxwork.mqynr1qu90130f87.js:0
[    1993ms] [LOG] dedupePromise key=getBiz:false:1 existing=undefined @ https://res.wx.qq.com/mmbizappmsg/zh_CN/htmledition/js/assets/wxwork.mqynr1qu90130f87.js:0
[    1999ms] [LOG] [comm_report] reportjson:  {CgiPath: /mp/getappmsgext, Action: , Query: ?f=json&mock=&uin=&key=&pass_ticket=&wxtoken=777&d…%3D&appmsg_token=&x5=0&f=json&user_article_role=0, PostData: r=0.1364879469806134&__biz=MzI3MDQzMjkzMw%3D%3D&ap…nt_comment_id=4394338320076505090&business_type=0, Method: POST} @ https://res.wx.qq.com/mmbizappmsg/zh_CN/htmledition/js/assets/wxwork.mqynr1qu90130f87.js:0
[    2000ms] [INFO] [(评论、点赞、赞赏) 响应请求]:  Mon Jun 29 2026 18:57:24 GMT+0800 (中国标准时间) {advertisement_info: Array(0), appmsg_album_videos: Array(0), base_resp: Object, effective_content_last_html_node: Array(0), link_component_list: Array(0)} @ https://res.wx.qq.com/mmbizappmsg/zh_CN/htmledition/js/assets/appmsgext.mqynr1qu41b0669e.js:0
[    2003ms] [WARNING] window.ext_complete_success: true @ https://res.wx.qq.com/mmbizappmsg/zh_CN/htmledition/js/assets/appmsg.mqynr1quece77c00.js:2
[    2015ms] [LOG] js content size change @ https://res.wx.qq.com/mmbizappmsg/zh_CN/htmledition/js/assets/page_pos.mqynr1qud9729167.js:0
[    2037ms] [LOG] OpenSDK Frame loaded, build time: 2025-11-17 11:05 @ https://open.weixin.qq.com/pcopensdk/frame:1
[    2040ms] [LOG] [comm_report] reportjson:  {CgiPath: /mp/appmsg_comment, Action: getcomment, Query: ?action=getcomment&scene=0&appmsgid=2247518562&idx…%3D&appmsg_token=&x5=0&f=json&user_article_role=0, PostData: , Method: GET} @ https://res.wx.qq.com/mmbizappmsg/zh_CN/htmledition/js/assets/wxwork.mqynr1qu90130f87.js:0
[    2101ms] [WARNING] <meta name="apple-mobile-web-app-capable" content="yes"> is deprecated. Please include <meta name="mobile-web-app-capable" content="yes"> @ https://mp.weixin.qq.com/s?src=11&timestamp=1782730273&ver=6812&signature=uam3SqKGwrvf0WPHC8VNuGXRXFYRwd4-35N2*wA-YoiWVM-xGH3HZYsetetLrAwcUpTRsVjNV7G9CkgTUVLNFrPI84v6XnYlhcetHYOZQCp2D-iFZK9HjeXarGzt0YhK&new=1:0
[    2359ms] [LOG] dedupePromise key=getBiz:false:1 existing=undefined @ https://mp.weixin.qq.com/s?src=11&timestamp=1782730273&ver=6812&signature=uam3SqKGwrvf0WPHC8VNuGXRXFYRwd4-35N2*wA-YoiWVM-xGH3HZYsetetLrAwcUpTRsVjNV7G9CkgTUVLNFrPI84v6XnYlhcetHYOZQCp2D-iFZK9HjeXarGzt0YhK&new=1:4975
[    2392ms] [LOG] dedupePromise key=getBiz:false:1 existing=undefined @ https://mp.weixin.qq.com/s?src=11&timestamp=1782730273&ver=6812&signature=uam3SqKGwrvf0WPHC8VNuGXRXFYRwd4-35N2*wA-YoiWVM-xGH3HZYsetetLrAwcUpTRsVjNV7G9CkgTUVLNFrPI84v6XnYlhcetHYOZQCp2D-iFZK9HjeXarGzt0YhK&new=1:4975
[    2543ms] [LOG] [comm_report] reportjson:  {bizuin: MzI3MDQzMjkzMw==, appmsgid: 2247518562, itemidx: 1, scene: 0, subscene: 0} @ https://res.wx.qq.com/mmbizappmsg/zh_CN/htmledition/js/assets/wxwork.mqynr1qu90130f87.js:0
[    2603ms] [LOG] [comm_report] reportjson:  {bizuin: MzI3MDQzMjkzMw==, appmsgid: 2247518562, itemidx: 1, scene: 0, subscene: 0} @ https://res.wx.qq.com/mmbizappmsg/zh_CN/htmledition/js/assets/wxwork.mqynr1qu90130f87.js:0
[    2603ms] [LOG] [reportData]:  {count: 4, reportjson0: {"CgiPath":"/mp/getappmsgext","Action":"","Query":…in.qq.com","log_id":36408,"TimeStamp":1782730645}, reportjson1: {"CgiPath":"/mp/appmsg_comment","Action":"getcomme…in.qq.com","log_id":36408,"TimeStamp":1782730645}, reportjson2: {"bizuin":"MzI3MDQzMjkzMw==","appmsgid":2247518562…mgIndex=0","log_id":34384,"TimeStamp":1782730646}, reportjson3: {"bizuin":"MzI3MDQzMjkzMw==","appmsgid":2247518562…mgIndex=1","log_id":34384,"TimeStamp":1782730646}} @ https://res.wx.qq.com/mmbizappmsg/zh_CN/htmledition/js/assets/wxwork.mqynr1qu90130f87.js:0
[    2603ms] [LOG] dedupePromise key=getBiz:false:1 existing=undefined @ https://res.wx.qq.com/mmbizappmsg/zh_CN/htmledition/js/assets/wxwork.mqynr1qu90130f87.js:0
[    3364ms] [LOG] dedupePromise key=getBiz:false:1 existing=undefined @ https://mp.weixin.qq.com/s?src=11&timestamp=1782730273&ver=6812&signature=uam3SqKGwrvf0WPHC8VNuGXRXFYRwd4-35N2*wA-YoiWVM-xGH3HZYsetetLrAwcUpTRsVjNV7G9CkgTUVLNFrPI84v6XnYlhcetHYOZQCp2D-iFZK9HjeXarGzt0YhK&new=1:4975
[    3454ms] [ERROR] bottombar-safe-bottom 0 @ https://mp.weixin.qq.com/s?src=11&timestamp=1782730273&ver=6812&signature=uam3SqKGwrvf0WPHC8VNuGXRXFYRwd4-35N2*wA-YoiWVM-xGH3HZYsetetLrAwcUpTRsVjNV7G9CkgTUVLNFrPI84v6XnYlhcetHYOZQCp2D-iFZK9HjeXarGzt0YhK&new=1:8328
[    7100ms] [LOG] dedupePromise key=getBiz:false:1 existing=undefined @ https://res.wx.qq.com/mmbizappmsg/zh_CN/htmledition/js/assets/wxwork.mqynr1qu90130f87.js:0
[    7160ms] [LOG] [comm_report] reportjson:  {CgiPath: /mp/appmsgreport, Action: page_time_5s, Query: ?action=page_time_5s&__biz=MzI3MDQzMjkzMw==&uin=&k…%3D&appmsg_token=&x5=0&f=json&user_article_role=0, PostData: report_bizuin=MzI3MDQzMjkzMw%3D%3D&title=E%E5%BE%8…type=&expsessionid=&effective_content_height=8843, Method: POST} @ https://res.wx.qq.com/mmbizappmsg/zh_CN/htmledition/js/assets/wxwork.mqynr1qu90130f87.js:0
[    8176ms] [LOG] [reportData]:  {count: 1, reportjson0: {"CgiPath":"/mp/appmsgreport","Action":"page_time_…in.qq.com","log_id":36408,"TimeStamp":1782730650}} @ https://res.wx.qq.com/mmbizappmsg/zh_CN/htmledition/js/assets/wxwork.mqynr1qu90130f87.js:0
[    8176ms] [LOG] dedupePromise key=getBiz:false:1 existing=undefined @ https://res.wx.qq.com/mmbizappmsg/zh_CN/htmledition/js/assets/wxwork.mqynr1qu90130f87.js:0
