[     719ms] [WARNING] Error with Feature-Policy header: Unrecognized feature: 'ambient-light-sensor'. @ :0
[     719ms] [WARNING] Error with Feature-Policy header: Unrecognized feature: 'speaker'. @ :0
[     719ms] [WARNING] Error with Feature-Policy header: Unrecognized feature: 'vibrate'. @ :0
[     719ms] [WARNING] Error with Feature-Policy header: Unrecognized feature: 'vr'. @ :0
[    2304ms] [WARNING] Tried to initialize responsive-menu on an element that already has a Foundation plugin. @ https://ir.lixiang.com/sites/g/files/knoqqb90086/themes/site/nir_pid3704/foundation/foundation.min.js?th9pnh:2
[    2304ms] [WARNING] Tried to initialize responsive-menu on an element that already has a Foundation plugin. @ https://ir.lixiang.com/sites/g/files/knoqqb90086/themes/site/nir_pid3704/foundation/foundation.min.js?th9pnh:2
[    2305ms] [WARNING] Tried to initialize responsive-menu on an element that already has a Foundation plugin. @ https://ir.lixiang.com/sites/g/files/knoqqb90086/themes/site/nir_pid3704/foundation/foundation.min.js?th9pnh:2
[    2362ms] TypeError: Cannot read properties of null (reading 'offsetHeight')
    at Object.attach (https://ir.lixiang.com/sites/g/files/knoqqb90086/themes/site/nir_pid3704/js/theme.js?v=10.6.11:268:44)
    at https://ir.lixiang.com/sites/g/files/knoqqb90086/files/js/js_H3D67XCftYGSddTydvONz_NbO15D7zRfe6YWskogGto.js?scope=footer&delta=0&language=en&theme=nir_pid3704&include=eJyVUAFqwzAM_NCICyvsAXtB2QOEbInUjWIFWenW3y-xB-vKYAyDfXc-yWeVbIAF5eY51VDu2YCkkUFwLen8VP40LqbUbBErN4erSkRrYpqYsqsBoW8rCtfwDZtlRpvYmwGiaJrCr-qQdJ6x0L9qqm_7aVXnXraK53lLhOEnbbcLjv0DOxjwgh-ARJAEawUUNu-Bl0zPL4dj0CubZeqt20uQzmgeHnhP8brDN79JLmOreOdYszMU3abJfbgP2vB1fgLiw6pw:24:427
    at Array.forEach (<anonymous>)
    at Drupal.attachBehaviors (https://ir.lixiang.com/sites/g/files/knoqqb90086/files/js/js_H3D67XCftYGSddTydvONz_NbO15D7zRfe6YWskogGto.js?scope=footer&delta=0&language=en&theme=nir_pid3704&include=eJyVUAFqwzAM_NCICyvsAXtB2QOEbInUjWIFWenW3y-xB-vKYAyDfXc-yWeVbIAF5eY51VDu2YCkkUFwLen8VP40LqbUbBErN4erSkRrYpqYsqsBoW8rCtfwDZtlRpvYmwGiaJrCr-qQdJ6x0L9qqm_7aVXnXraK53lLhOEnbbcLjv0DOxjwgh-ARJAEawUUNu-Bl0zPL4dj0CubZeqt20uQzmgeHnhP8brDN79JLmOreOdYszMU3abJfbgP2vB1fgLiw6pw:24:353)
    at https://ir.lixiang.com/sites/g/files/knoqqb90086/files/js/js_H3D67XCftYGSddTydvONz_NbO15D7zRfe6YWskogGto.js?scope=footer&delta=0&language=en&theme=nir_pid3704&include=eJyVUAFqwzAM_NCICyvsAXtB2QOEbInUjWIFWenW3y-xB-vKYAyDfXc-yWeVbIAF5eY51VDu2YCkkUFwLen8VP40LqbUbBErN4erSkRrYpqYsqsBoW8rCtfwDZtlRpvYmwGiaJrCr-qQdJ6x0L9qqm_7aVXnXraK53lLhOEnbbcLjv0DOxjwgh-ARJAEawUUNu-Bl0zPL4dj0CubZeqt20uQzmgeHnhP8brDN79JLmOreOdYszMU3abJfbgP2vB1fgLiw6pw:25:373
    at HTMLDocument.listener (https://ir.lixiang.com/sites/g/files/knoqqb90086/files/js/js_H3D67XCftYGSddTydvONz_NbO15D7zRfe6YWskogGto.js?scope=footer&delta=0&language=en&theme=nir_pid3704&include=eJyVUAFqwzAM_NCICyvsAXtB2QOEbInUjWIFWenW3y-xB-vKYAyDfXc-yWeVbIAF5eY51VDu2YCkkUFwLen8VP40LqbUbBErN4erSkRrYpqYsqsBoW8rCtfwDZtlRpvYmwGiaJrCr-qQdJ6x0L9qqm_7aVXnXraK53lLhOEnbbcLjv0DOxjwgh-ARJAEawUUNu-Bl0zPL4dj0CubZeqt20uQzmgeHnhP8brDN79JLmOreOdYszMU3abJfbgP2vB1fgLiw6pw:25:161)
[    2717ms] TypeError: Cannot read properties of null (reading 'offsetHeight')
    at Object.attach (https://ir.lixiang.com/sites/g/files/knoqqb90086/themes/site/nir_pid3704/js/theme.js?v=10.6.11:268:44)
    at https://ir.lixiang.com/sites/g/files/knoqqb90086/files/js/js_H3D67XCftYGSddTydvONz_NbO15D7zRfe6YWskogGto.js?scope=footer&delta=0&language=en&theme=nir_pid3704&include=eJyVUAFqwzAM_NCICyvsAXtB2QOEbInUjWIFWenW3y-xB-vKYAyDfXc-yWeVbIAF5eY51VDu2YCkkUFwLen8VP40LqbUbBErN4erSkRrYpqYsqsBoW8rCtfwDZtlRpvYmwGiaJrCr-qQdJ6x0L9qqm_7aVXnXraK53lLhOEnbbcLjv0DOxjwgh-ARJAEawUUNu-Bl0zPL4dj0CubZeqt20uQzmgeHnhP8brDN79JLmOreOdYszMU3abJfbgP2vB1fgLiw6pw:24:427
    at Array.forEach (<anonymous>)
    at Drupal.attachBehaviors (https://ir.lixiang.com/sites/g/files/knoqqb90086/files/js/js_H3D67XCftYGSddTydvONz_NbO15D7zRfe6YWskogGto.js?scope=footer&delta=0&language=en&theme=nir_pid3704&include=eJyVUAFqwzAM_NCICyvsAXtB2QOEbInUjWIFWenW3y-xB-vKYAyDfXc-yWeVbIAF5eY51VDu2YCkkUFwLen8VP40LqbUbBErN4erSkRrYpqYsqsBoW8rCtfwDZtlRpvYmwGiaJrCr-qQdJ6x0L9qqm_7aVXnXraK53lLhOEnbbcLjv0DOxjwgh-ARJAEawUUNu-Bl0zPL4dj0CubZeqt20uQzmgeHnhP8brDN79JLmOreOdYszMU3abJfbgP2vB1fgLiw6pw:24:353)
    at HTMLDivElement.<anonymous> (https://ir.lixiang.com/sites/g/files/knoqqb90086/files/js/js_yKNwswO3JBY-x5_R6WPLqA4d_K66IZlR7UqfEzTYylE.js?scope=footer&delta=2&language=en&theme=nir_pid3704&include=eJyVUAFqwzAM_NCICyvsAXtB2QOEbInUjWIFWenW3y-xB-vKYAyDfXc-yWeVbIAF5eY51VDu2YCkkUFwLen8VP40LqbUbBErN4erSkRrYpqYsqsBoW8rCtfwDZtlRpvYmwGiaJrCr-qQdJ6x0L9qqm_7aVXnXraK53lLhOEnbbcLjv0DOxjwgh-ARJAEawUUNu-Bl0zPL4dj0CubZeqt20uQzmgeHnhP8brDN79JLmOreOdYszMU3abJfbgP2vB1fgLiw6pw:9:15299)
    at n.each (https://ir.lixiang.com/sites/g/files/knoqqb90086/files/js/js_H3D67XCftYGSddTydvONz_NbO15D7zRfe6YWskogGto.js?scope=footer&delta=0&language=en&theme=nir_pid3704&include=eJyVUAFqwzAM_NCICyvsAXtB2QOEbInUjWIFWenW3y-xB-vKYAyDfXc-yWeVbIAF5eY51VDu2YCkkUFwLen8VP40LqbUbBErN4erSkRrYpqYsqsBoW8rCtfwDZtlRpvYmwGiaJrCr-qQdJ6x0L9qqm_7aVXnXraK53lLhOEnbbcLjv0DOxjwgh-ARJAEawUUNu-Bl0zPL4dj0CubZeqt20uQzmgeHnhP8brDN79JLmOreOdYszMU3abJfbgP2vB1fgLiw6pw:3:2861)
    at n.fn.init.each (https://ir.lixiang.com/sites/g/files/knoqqb90086/files/js/js_H3D67XCftYGSddTydvONz_NbO15D7zRfe6YWskogGto.js?scope=footer&delta=0&language=en&theme=nir_pid3704&include=eJyVUAFqwzAM_NCICyvsAXtB2QOEbInUjWIFWenW3y-xB-vKYAyDfXc-yWeVbIAF5eY51VDu2YCkkUFwLen8VP40LqbUbBErN4erSkRrYpqYsqsBoW8rCtfwDZtlRpvYmwGiaJrCr-qQdJ6x0L9qqm_7aVXnXraK53lLhOEnbbcLjv0DOxjwgh-ARJAEawUUNu-Bl0zPL4dj0CubZeqt20uQzmgeHnhP8brDN79JLmOreOdYszMU3abJfbgP2vB1fgLiw6pw:3:845)
    at Drupal.AjaxCommands.insert (https://ir.lixiang.com/sites/g/files/knoqqb90086/files/js/js_yKNwswO3JBY-x5_R6WPLqA4d_K66IZlR7UqfEzTYylE.js?scope=footer&delta=2&language=en&theme=nir_pid3704&include=eJyVUAFqwzAM_NCICyvsAXtB2QOEbInUjWIFWenW3y-xB-vKYAyDfXc-yWeVbIAF5eY51VDu2YCkkUFwLen8VP40LqbUbBErN4erSkRrYpqYsqsBoW8rCtfwDZtlRpvYmwGiaJrCr-qQdJ6x0L9qqm_7aVXnXraK53lLhOEnbbcLjv0DOxjwgh-ARJAEawUUNu-Bl0zPL4dj0CubZeqt20uQzmgeHnhP8brDN79JLmOreOdYszMU3abJfbgP2vB1fgLiw6pw:9:15185)
    at https://ir.lixiang.com/sites/g/files/knoqqb90086/files/js/js_yKNwswO3JBY-x5_R6WPLqA4d_K66IZlR7UqfEzTYylE.js?scope=footer&delta=2&language=en&theme=nir_pid3704&include=eJyVUAFqwzAM_NCICyvsAXtB2QOEbInUjWIFWenW3y-xB-vKYAyDfXc-yWeVbIAF5eY51VDu2YCkkUFwLen8VP40LqbUbBErN4erSkRrYpqYsqsBoW8rCtfwDZtlRpvYmwGiaJrCr-qQdJ6x0L9qqm_7aVXnXraK53lLhOEnbbcLjv0DOxjwgh-ARJAEawUUNu-Bl0zPL4dj0CubZeqt20uQzmgeHnhP8brDN79JLmOreOdYszMU3abJfbgP2vB1fgLiw6pw:9:11254
[    2861ms] TypeError: Cannot read properties of null (reading 'offsetHeight')
    at Object.attach (https://ir.lixiang.com/sites/g/files/knoqqb90086/themes/site/nir_pid3704/js/theme.js?v=10.6.11:268:44)
    at https://ir.lixiang.com/sites/g/files/knoqqb90086/files/js/js_H3D67XCftYGSddTydvONz_NbO15D7zRfe6YWskogGto.js?scope=footer&delta=0&language=en&theme=nir_pid3704&include=eJyVUAFqwzAM_NCICyvsAXtB2QOEbInUjWIFWenW3y-xB-vKYAyDfXc-yWeVbIAF5eY51VDu2YCkkUFwLen8VP40LqbUbBErN4erSkRrYpqYsqsBoW8rCtfwDZtlRpvYmwGiaJrCr-qQdJ6x0L9qqm_7aVXnXraK53lLhOEnbbcLjv0DOxjwgh-ARJAEawUUNu-Bl0zPL4dj0CubZeqt20uQzmgeHnhP8brDN79JLmOreOdYszMU3abJfbgP2vB1fgLiw6pw:24:427
    at Array.forEach (<anonymous>)
    at Drupal.attachBehaviors (https://ir.lixiang.com/sites/g/files/knoqqb90086/files/js/js_H3D67XCftYGSddTydvONz_NbO15D7zRfe6YWskogGto.js?scope=footer&delta=0&language=en&theme=nir_pid3704&include=eJyVUAFqwzAM_NCICyvsAXtB2QOEbInUjWIFWenW3y-xB-vKYAyDfXc-yWeVbIAF5eY51VDu2YCkkUFwLen8VP40LqbUbBErN4erSkRrYpqYsqsBoW8rCtfwDZtlRpvYmwGiaJrCr-qQdJ6x0L9qqm_7aVXnXraK53lLhOEnbbcLjv0DOxjwgh-ARJAEawUUNu-Bl0zPL4dj0CubZeqt20uQzmgeHnhP8brDN79JLmOreOdYszMU3abJfbgP2vB1fgLiw6pw:24:353)
    at HTMLDivElement.<anonymous> (https://ir.lixiang.com/sites/g/files/knoqqb90086/files/js/js_yKNwswO3JBY-x5_R6WPLqA4d_K66IZlR7UqfEzTYylE.js?scope=footer&delta=2&language=en&theme=nir_pid3704&include=eJyVUAFqwzAM_NCICyvsAXtB2QOEbInUjWIFWenW3y-xB-vKYAyDfXc-yWeVbIAF5eY51VDu2YCkkUFwLen8VP40LqbUbBErN4erSkRrYpqYsqsBoW8rCtfwDZtlRpvYmwGiaJrCr-qQdJ6x0L9qqm_7aVXnXraK53lLhOEnbbcLjv0DOxjwgh-ARJAEawUUNu-Bl0zPL4dj0CubZeqt20uQzmgeHnhP8brDN79JLmOreOdYszMU3abJfbgP2vB1fgLiw6pw:9:15299)
    at n.each (https://ir.lixiang.com/sites/g/files/knoqqb90086/files/js/js_H3D67XCftYGSddTydvONz_NbO15D7zRfe6YWskogGto.js?scope=footer&delta=0&language=en&theme=nir_pid3704&include=eJyVUAFqwzAM_NCICyvsAXtB2QOEbInUjWIFWenW3y-xB-vKYAyDfXc-yWeVbIAF5eY51VDu2YCkkUFwLen8VP40LqbUbBErN4erSkRrYpqYsqsBoW8rCtfwDZtlRpvYmwGiaJrCr-qQdJ6x0L9qqm_7aVXnXraK53lLhOEnbbcLjv0DOxjwgh-ARJAEawUUNu-Bl0zPL4dj0CubZeqt20uQzmgeHnhP8brDN79JLmOreOdYszMU3abJfbgP2vB1fgLiw6pw:3:2861)
    at n.fn.init.each (https://ir.lixiang.com/sites/g/files/knoqqb90086/files/js/js_H3D67XCftYGSddTydvONz_NbO15D7zRfe6YWskogGto.js?scope=footer&delta=0&language=en&theme=nir_pid3704&include=eJyVUAFqwzAM_NCICyvsAXtB2QOEbInUjWIFWenW3y-xB-vKYAyDfXc-yWeVbIAF5eY51VDu2YCkkUFwLen8VP40LqbUbBErN4erSkRrYpqYsqsBoW8rCtfwDZtlRpvYmwGiaJrCr-qQdJ6x0L9qqm_7aVXnXraK53lLhOEnbbcLjv0DOxjwgh-ARJAEawUUNu-Bl0zPL4dj0CubZeqt20uQzmgeHnhP8brDN79JLmOreOdYszMU3abJfbgP2vB1fgLiw6pw:3:845)
    at Drupal.AjaxCommands.insert (https://ir.lixiang.com/sites/g/files/knoqqb90086/files/js/js_yKNwswO3JBY-x5_R6WPLqA4d_K66IZlR7UqfEzTYylE.js?scope=footer&delta=2&language=en&theme=nir_pid3704&include=eJyVUAFqwzAM_NCICyvsAXtB2QOEbInUjWIFWenW3y-xB-vKYAyDfXc-yWeVbIAF5eY51VDu2YCkkUFwLen8VP40LqbUbBErN4erSkRrYpqYsqsBoW8rCtfwDZtlRpvYmwGiaJrCr-qQdJ6x0L9qqm_7aVXnXraK53lLhOEnbbcLjv0DOxjwgh-ARJAEawUUNu-Bl0zPL4dj0CubZeqt20uQzmgeHnhP8brDN79JLmOreOdYszMU3abJfbgP2vB1fgLiw6pw:9:15185)
    at https://ir.lixiang.com/sites/g/files/knoqqb90086/files/js/js_yKNwswO3JBY-x5_R6WPLqA4d_K66IZlR7UqfEzTYylE.js?scope=footer&delta=2&language=en&theme=nir_pid3704&include=eJyVUAFqwzAM_NCICyvsAXtB2QOEbInUjWIFWenW3y-xB-vKYAyDfXc-yWeVbIAF5eY51VDu2YCkkUFwLen8VP40LqbUbBErN4erSkRrYpqYsqsBoW8rCtfwDZtlRpvYmwGiaJrCr-qQdJ6x0L9qqm_7aVXnXraK53lLhOEnbbcLjv0DOxjwgh-ARJAEawUUNu-Bl0zPL4dj0CubZeqt20uQzmgeHnhP8brDN79JLmOreOdYszMU3abJfbgP2vB1fgLiw6pw:9:11254
[   54542ms] [ERROR] Failed to load resource: net::ERR_TIMED_OUT @ https://assets.adobedtm.com/898335afd880/c52ee8aa1e90/a9a9246fcf93/EX9f1ce69e4b404891b885911666e7b92a-libraryCode_source.min.js:0
