[     774ms] [LOG] %c知乎 ฅ՞•ﻌ•՞ฅ color:#1772F6;font-weight:bold;font-size:6em;padding:10px 30px;text-shadow:0.7px -1px 0 rgb(255 255 255 / 100%),1.4px -2px 0 rgb(255 255 255 / 96%),2.0999999999999996px -3px 0 rgb(255 255 255 / 92%),2.8px -4px 0 rgb(255 255 255 / 88%),-1px 1px 2px rgb(0 0 0 / 70%),-2px 2px 4px rgb(0 0 0 / 70%),-3px 3px 6px rgb(0 0 0 / 70%);background: linear-gradient(to right top,oklab(58.2% -0.04 -0.21),oklab(58.2% -0.376 -0.21)); @ https://unpkg.zhimg.com/@cfe/sentry-script@1.3.1/dist/init.js:0
[     774ms] [LOG] 加入知乎 https://s.zhihu.com/BDXoD @ https://unpkg.zhimg.com/@cfe/sentry-script@1.3.1/dist/init.js:0
[     847ms] [ERROR] Failed to load resource: the server responded with a status of 401 () @ https://www.zhihu.com/api/v4/search_v3?gk_version=gz-gaokao&t=general&q=%E5%82%A8%E8%83%BD%E5%BA%94%E7%94%A8%E5%B7%A5%E7%A8%8B%E5%B8%88+%E4%B8%93%E4%B8%9A%E8%A6%81%E6%B1%82&correction=1&offset=0&limit=20&filter_fields=&lc_idx=0&show_all_topics=0&search_source=Normal&zhida_source=ai_search_general:0
[     905ms] ResponseError: request https://www.zhihu.com/api/v4/search_v3?gk_version=gz-gaokao&t=general&q=%E5%82%A8%E8%83%BD%E5%BA%94%E7%94%A8%E5%B7%A5%E7%A8%8B%E5%B8%88+%E4%B8%93%E4%B8%9A%E8%A6%81%E6%B1%82&correction=1&offset=0&limit=20&filter_fields=&lc_idx=0&show_all_topics=0&search_source=Normal&zhida_source=ai_search_general with extra of {"headers":{"x-api-version":"3.0.91","x-app-za":"OS=Web","x-requested-with":"fetch","x-zse-93":"101_3_3.0","x-zse-96":"2.0_d0cshtyo=5By8i47iYrOrTIjkiUDgZt9ZxvZcie6gXeiYQTfsRhUtVjQCrTWA8wb"},"credentials":"include"} failed, status: 401
    at https://static.zhihu.com/heifetz/search.app.0f4f06021c1c01b219b6.js:1:472862
[    1090ms] [ERROR] TypeError: Cannot read properties of null (reading 'children')
    at https://static.zhihu.com/heifetz/9691.app.4661f48eabf22a370f62.js:76:8501
    at Array.forEach (<anonymous>)
    at eG (https://static.zhihu.com/heifetz/9691.app.4661f48eabf22a370f62.js:76:8376)
    at https://static.zhihu.com/heifetz/9691.app.4661f48eabf22a370f62.js:76:9038
    at Array.map (<anonymous>)
    at eW (https://static.zhihu.com/heifetz/9691.app.4661f48eabf22a370f62.js:76:9014)
    at eX (https://static.zhihu.com/heifetz/9691.app.4661f48eabf22a370f62.js:76:9312)
    at https://static.zhihu.com/heifetz/9691.app.4661f48eabf22a370f62.js:76:9597
    at eF (https://static.zhihu.com/heifetz/9691.app.4661f48eabf22a370f62.js:76:7399)
    at e6 (https://static.zhihu.com/heifetz/9691.app.4661f48eabf22a370f62.js:76:10816)
    at eo (https://static.zhihu.com/heifetz/9691.app.4661f48eabf22a370f62.js:76:11141)
    at https://static.zhihu.com/heifetz/9691.app.4661f48eabf22a370f62.js:76:11208
    at new Promise (<anonymous>)
    at e8 (https://static.zhihu.com/heifetz/9691.app.4661f48eabf22a370f62.js:76:11079)
    at https://static.zhihu.com/heifetz/9691.app.4661f48eabf22a370f62.js:76:11977 @ https://unpkg.zhimg.com/@cfe/sentry-script@1.3.1/dist/init.js:0
[    1318ms] [LOG] [INFO] [Zhida: WebView] [Theme Web] pull theme from RN @ https://unpkg.zhimg.com/@cfe/sentry-script@1.3.1/dist/init.js:0
[    1320ms] [WARNING] MMKV not available, fallback @ https://unpkg.zhimg.com/@cfe/sentry-script@1.3.1/dist/init.js:0
[    1373ms] [WARNING] MMKV not available, fallback @ https://unpkg.zhimg.com/@cfe/sentry-script@1.3.1/dist/init.js:0
[    1913ms] [ERROR] Access to XMLHttpRequest at 'https://118.89.204.198/resolv?host=www.zhihu.com&os_type=web' from origin 'https://www.zhihu.com' has been blocked by CORS policy: No 'Access-Control-Allow-Origin' header is present on the requested resource. @ https://www.zhihu.com/search?type=content&q=%E5%82%A8%E8%83%BD%E5%BA%94%E7%94%A8%E5%B7%A5%E7%A8%8B%E5%B8%88+%E4%B8%93%E4%B8%9A%E8%A6%81%E6%B1%82:0
[    1913ms] [ERROR] Failed to load resource: net::ERR_FAILED @ https://118.89.204.198/resolv?host=www.zhihu.com&os_type=web:0
